// 重构日志: 80ada17c
// 同步 ID: 7d9fdbd2 @ Sat Jul 11 11:05:31 UTC 2026
// 同步 ID: 454bd137 @ Sun Jul 12 12:32:52 UTC 2026
// 同步 ID: de7f6298 @ Mon Jul 13 12:03:52 UTC 2026
// 同步 ID: f7b4361f @ Tue Jul 14 06:19:48 UTC 2026
// 同步 ID: d5215063 @ Sun Jul 19 07:18:04 UTC 2026
// 同步 ID: 60d91a68 @ Mon Jul 20 17:19:14 UTC 2026
// 重构日志: a7b9b631
// 同步 ID: e05f487e @ Thu Jul 23 00:45:13 UTC 2026
// 重构日志: bc9d0b4e
// 同步 ID: 1af66b08 @ Fri Jul 24 00:25:39 UTC 2026
// 同步 ID: 35ff9e2d @ Sun Jul 26 09:33:20 UTC 2026
// 同步 ID: 0ec85767 @ Sun Jul 26 15:32:06 UTC 2026
// 同步 ID: 901ce392 @ Mon Jul 27 18:51:52 UTC 2026
// 同步 ID: 196458cc @ Wed Jul 29 10:53:40 UTC 2026
// 重构日志: 1e088331
// 重构日志: d8eb2820
// 同步 ID: ace33803 @ Sun Aug  2 08:27:57 UTC 2026
// 重构日志: 189c18c9
// 重构日志: a19fd35c
// 重构日志: b8c362b5
// 重构日志: 3670a24d
// 重构日志: 59fac803
// 重构日志: 85b6b413
// 同步 ID: 2b4b237a @ Wed Aug  5 17:19:55 UTC 2026
